// Jest Snapshot v1, https://goo.gl/fbAQLP

exports[` test <CounterApp /> debe hacer Match con el Snapshot 1`] = `
<div>
  <h1>
    CounterApp
  </h1>
  <h2>
     
    10
     
  </h2>
  <button>
     +1 
  </button>
  <button>
     -1 
  </button>
  <button
    aria-label="btn-reset"
  >
     Reset 
  </button>
</div>
`;
